// Jest Snapshot v1, https://goo.gl/fbAQLP

exports[`Many2OneValue Renders Basic story 1`] = `
<body>
  <div>
    <div
      class="ant-space ant-space-horizontal ant-space-align-center"
    >
      <div
        class="ant-space-item"
      >
        Customer #23
      </div>
    </div>
  </div>
</body>
`;

exports[`Many2OneValue Renders BasicWithSuffix story 1`] = `
<body>
  <div>
    <div
      class="ant-space ant-space-horizontal ant-space-align-center"
    >
      <div
        class="ant-space-item"
        style="margin-right: 8px;"
      >
        Customer #23
      </div>
      <div
        class="ant-space-item"
      >
        <span
          aria-label="right-circle"
          class="anticon anticon-right-circle ant-dropdown-trigger"
          role="img"
          style="color: rgba(0, 0, 0, 0.45);"
          tabindex="-1"
        >
          <svg
            aria-hidden="true"
            data-icon="right-circle"
            fill="currentColor"
            focusable="false"
            height="1em"
            viewBox="64 64 896 896"
            width="1em"
          >
            <path
              d="M666.7 505.5l-246-178A8 8 0 00408 334v46.9c0 10.2 4.9 19.9 13.2 25.9L566.6 512 421.2 617.2c-8.3 6-13.2 15.6-13.2 25.9V690c0 6.5 7.4 10.3 12.7 6.5l246-178c4.4-3.2 4.4-9.8 0-13z"
            />
            <path
              d="M512 64C264.6 64 64 264.6 64 512s200.6 448 448 448 448-200.6 448-448S759.4 64 512 64zm0 820c-205.4 0-372-166.6-372-372s166.6-372 372-372 372 166.6 372 372-166.6 372-372 372z"
            />
          </svg>
        </span>
      </div>
    </div>
  </div>
</body>
`;
