// Jest Snapshot v1, https://goo.gl/fbAQLP

exports[`FileValue Renders Basic story 1`] = `
<body>
  <div>
    <div
      class="ant-row ant-row-no-wrap"
      style="margin-left: -4px; margin-right: -4px;"
    >
      <div
        class="ant-col"
        style="padding-left: 4px; padding-right: 4px;"
      >
        <input
          id="file"
          style="display: none;"
          type="file"
        />
        <input
          class="ant-input ant-input-disabled"
          disabled=""
          type="text"
          value="5.22 KB"
        />
      </div>
      <div
        class="ant-col"
        style="padding-left: 4px; padding-right: 4px;"
      >
        <div
          class="ant-space ant-space-horizontal ant-space-align-center"
        >
          <div
            class="ant-space-item"
            style="margin-right: 8px;"
          >
            <button
              class="ant-btn"
              type="button"
            >
              <span
                aria-label="eye"
                class="anticon anticon-eye"
                role="img"
              >
                <svg
                  aria-hidden="true"
                  data-icon="eye"
                  fill="currentColor"
                  focusable="false"
                  height="1em"
                  viewBox="64 64 896 896"
                  width="1em"
                >
                  <path
                    d="M942.2 486.2C847.4 286.5 704.1 186 512 186c-192.2 0-335.4 100.5-430.2 300.3a60.3 60.3 0 000 51.5C176.6 737.5 319.9 838 512 838c192.2 0 335.4-100.5 430.2-300.3 7.7-16.2 7.7-35 0-51.5zM512 766c-161.3 0-279.4-81.8-362.7-254C232.6 339.8 350.7 258 512 258c161.3 0 279.4 81.8 362.7 254C791.5 684.2 673.4 766 512 766zm-4-430c-97.2 0-176 78.8-176 176s78.8 176 176 176 176-78.8 176-176-78.8-176-176-176zm0 288c-61.9 0-112-50.1-112-112s50.1-112 112-112 112 50.1 112 112-50.1 112-112 112z"
                  />
                </svg>
              </span>
              <span>
                Open
              </span>
            </button>
          </div>
          <div
            class="ant-space-item"
          >
            <button
              class="ant-btn ant-btn-icon-only"
              tooltip="Download"
              type="button"
            >
              <span
                aria-label="download"
                class="anticon anticon-download"
                role="img"
              >
                <svg
                  aria-hidden="true"
                  data-icon="download"
                  fill="currentColor"
                  focusable="false"
                  height="1em"
                  viewBox="64 64 896 896"
                  width="1em"
                >
                  <path
                    d="M505.7 661a8 8 0 0012.6 0l112-141.7c4.1-5.2.4-12.9-6.3-12.9h-74.1V168c0-4.4-3.6-8-8-8h-60c-4.4 0-8 3.6-8 8v338.3H400c-6.7 0-10.4 7.7-6.3 12.9l112 141.8zM878 626h-60c-4.4 0-8 3.6-8 8v154H214V634c0-4.4-3.6-8-8-8h-60c-4.4 0-8 3.6-8 8v198c0 17.7 14.3 32 32 32h684c17.7 0 32-14.3 32-32V634c0-4.4-3.6-8-8-8z"
                  />
                </svg>
              </span>
            </button>
          </div>
        </div>
      </div>
    </div>
  </div>
</body>
`;
