// Jest Snapshot v1, https://goo.gl/fbAQLP

exports[`SelectionValue Renders Basic story 1`] = `
<body>
  <div>
    Two
  </div>
</body>
`;
