// Jest Snapshot v1, https://goo.gl/fbAQLP

exports[`TextInput Renders Basic story 1`] = `
.c0 {
  height: 200px !important;
}

<body>
  <div>
    <textarea
      class="ant-input c0"
      height="200px"
      rows="4"
    />
  </div>
</body>
`;
